<html>
<body>
<pre>
<h1>µVision Build Log</h1>
<h2>Tool Versions:</h2>
IDE-Version: ¦ÌVision V5.38.0.0
Copyright (C) 2022 ARM Ltd and ARM Germany GmbH. All rights reserved.
License Information: Zang Xin, COD, LIC=585FJ-URE6D-TGX7T-RJZXZ-YHSEP-ZI8ZE
 
Tool Versions:
Toolchain:       MDK-ARM Plus  Version: 5.38.0.0
Toolchain Path:  D:\CODsoftware\Keil\Core\ARM\ARMCC\Bin
C Compiler:      Armcc.exe V5.06 update 7 (build 960)
Assembler:       Armasm.exe V5.06 update 7 (build 960)
Linker/Locator:  ArmLink.exe V5.06 update 7 (build 960)
Library Manager: ArmAr.exe V5.06 update 7 (build 960)
Hex Converter:   FromElf.exe V5.06 update 7 (build 960)
CPU DLL:         SARMCM3.DLL V5.38.0.0
Dialog DLL:      DCM.DLL V1.17.5.0
Target DLL:      CMSIS_AGDI.dll V1.33.15.0
Dialog DLL:      TCM.DLL V1.56.4.0
 
<h2>Project:</h2>
D:\lllllllllll\sentry\sentry_chassis\MDK-ARM\HAL_Template.uvprojx
Project File Date:  01/11/2024

<h2>Output:</h2>
*** Using Compiler 'V5.06 update 7 (build 960)', folder: 'D:\CODsoftware\Keil\Core\ARM\ARMCC\Bin'
Build target 'HAL_Template'
compiling Chassis_Task.c...
..\Application\Tasks\Src\Chassis_Task.c(130): warning:  #1035-D: single-precision operand implicitly converted to double-precision
  	location_x = (chassis[RF].Data.angle+chassis[LF].Data.angle-chassis[LR].Data.angle-chassis[RR].Data.angle)/360.f*3.141592*152/(1.414/2.f)/4.f;
..\Application\Tasks\Src\Chassis_Task.c(130): warning:  #1035-D: single-precision operand implicitly converted to double-precision
  	location_x = (chassis[RF].Data.angle+chassis[LF].Data.angle-chassis[LR].Data.angle-chassis[RR].Data.angle)/360.f*3.141592*152/(1.414/2.f)/4.f;
..\Application\Tasks\Src\Chassis_Task.c(131): warning:  #1035-D: single-precision operand implicitly converted to double-precision
  	location_y = (chassis[LF].Data.angle+chassis[LR].Data.angle-chassis[RF].Data.angle-chassis[RR].Data.angle)/360.f*3.141592*152/(1.414/2.f)/4.f;
..\Application\Tasks\Src\Chassis_Task.c(131): warning:  #1035-D: single-precision operand implicitly converted to double-precision
  	location_y = (chassis[LF].Data.angle+chassis[LR].Data.angle-chassis[RF].Data.angle-chassis[RR].Data.angle)/360.f*3.141592*152/(1.414/2.f)/4.f;
..\Application\Tasks\Src\Chassis_Task.c: 4 warnings, 0 errors
linking...
Program Size: Code=54672 RO-data=3816 RW-data=1648 ZI-data=52272  
FromELF: creating hex file...
".\HAL_Template\HAL_Template.axf" - 0 Error(s), 4 Warning(s).

<h2>Software Packages used:</h2>

Package Vendor: Keil
                https://www.keil.com/pack/Keil.STM32F4xx_DFP.2.17.1.pack
                Keil.STM32F4xx_DFP.2.17.1
                STMicroelectronics STM32F4 Series Device Support, Drivers and Examples

<h2>Collection of Component include folders:</h2>
  D:/CODsoftware/Keil/Pack/Keil/STM32F4xx_DFP/2.17.1/Drivers/CMSIS/Device/ST/STM32F4xx/Include

<h2>Collection of Component Files used:</h2>
Build Time Elapsed:  00:00:05
</pre>
</body>
</html>
